1654077900000,25000.00000000,25000.00000000,25000.00000000,25000.00000000
1654078200000,25000.00000000,25000.00000000,25000.00000000,25000.00000000
