1654077600000,1.20000000,1.20000000,1.20000000,1.20000000
