ID,Date,Tax Year,Tax Period,Traded Pair,Side,Main Quantity,Main Symbol,Traded Quantity,Traded Symbol,Fee Quantity,Fee Symbol,Price,Price.Symbol,Exchange Rate in EUR,Price in EUR,Trade value in EUR
T/1,2022-06-01 10:05:00,2022,First,EURUSDT,SELL,25000.0000000000,USDT,20000.0000000000,EUR,0E-10,USDT,1.2500000000,USDT,1.0000000000,1.2500000000,20000.0000000000
T/2,2022-06-01 10:07:00,2022,First,BTCUSDT,BUY,25000.0000000000,USDT,1.0000000000,BTC,0E-10,BTC,25000.0000000000,USDT,0.8080808081,20202.0202020202,20202.0202020202
T/3,2022-06-01 10:12:00,2022,First,ETHBTC,BUY,1.0000000000,BTC,12.5000000000,ETH,0E-10,ETH,0.0800000000,BTC,20408.1632653061,1632.6530612245,20408.1632653061
