1654077600000,1.20000000,1.20000000,1.20000000,1.20000000
1654077900000,1.25000000,1.25000000,1.20000000,1.25000000
