ID,Date,Tax Period,Type,Market,Price,Tick,Open,High,Low,Close
L/1,2022-06-01 10:00:00+01:00,First,MarketData,EUR/USDT,1.20000000,2022-06-01 09:00:00+00:00,1.20000000,1.20000000,1.20000000,1.20000000
T/1,2022-06-01 10:05:00+01:00,First,Trade,EUR/USDT,1.2500000000,,,,,
T/1,2022-06-01 10:05:00+01:00,First,ExchangeRate,USDT/EUR,0.8000000000,,,,,
