ID,Date,Tax Year,Tax Period,Type,Event,Symbol,Action,Side,Match ID,Buy Quantity,Sell Quantity,Buy Price in EUR,Sell Price in EUR,Buy Value in EUR,Sell Value in EUR,Gains Value in EUR,Changed Quantity,Balance,Num Lots,Lot 1 ID,Lot 1 Quantity,Lot 2 ID,Lot 2 Quantity,Lot 3 ID,Lot 3 Quantity,Lot 4 ID,Lot 4 Quantity,Lot 5 ID,Lot 5 Quantity,Lot 6 ID,Lot 6 Quantity,Lot 7 ID,Lot 7 Quantity,Lot 8 ID,Lot 8 Quantity,Lot 9 ID,Lot 9 Quantity,Lot 10 ID,Lot 10 Quantity,Lot 11 ID,Lot 11 Quantity,Lot 12 ID,Lot 12 Quantity,Lot 13 ID,Lot 13 Quantity,Lot 14 ID,Lot 14 Quantity,Lot 15 ID,Lot 15 Quantity,Lot 16 ID,Lot 16 Quantity,Lot 17 ID,Lot 17 Quantity,Lot 18 ID,Lot 18 Quantity,Lot 19 ID,Lot 19 Quantity,Lot 20 ID,Lot 20 Quantity
L/1,2022-06-01 10:00:00,2022,First,Acquire,Buy,EUR,Open,Long,,20000.0000000000,,1.0000000000,,20000.0000000000,,0.0000000000,20000.0000000000,20000.0000000000,1,L/1,20000.0000000000
T/1,2022-06-01 10:05:00,2022,First,Dispose,Sell,EUR,Close,Long,L/1,,20000.0000000000,1.0000000000,1.0000000000,,20000.0000000000,0.0000000000,-20000.0000000000,0.0000000000,0,
T/1,2022-06-01 10:05:00,2022,First,Acquire,Buy,USDT,Open,Long,,25000.0000000000,,0.8000000000,,20000.0000000000,,0.0000000000,25000.0000000000,25000.0000000000,1,T/1,25000.0000000000
T/1,2022-06-01 10:05:00,2022,First,Dispose,Fee,USDT,Close,Long,T/1,,,,,,,0.0000000000,0.0000000000,25000.0000000000,1,T/1,25000.0000000000
