ID,Date,Tax Period,Traded Pair,Side,Main Quantity,Main Symbol,Traded Quantity,Traded Symbol,Fee Quantity,Fee Symbol,Price,Price.Symbol,Exchange Rate in EUR,Price in EUR,Trade value in EUR
T/1,2022-06-01 10:05:00+01:00,First,EURUSDT,SELL,25000.0000000000,USDT,20000.0000000000,EUR,0E-10,USDT,1.2500000000,USDT,1.0000000000,1.2500000000,20000.0000000000
